2025-12-14 15:39:30,902 - math_errors - WARNING - subsystem_0/method_0: rmse=1.548105e-02 - Demo error 0
2025-12-14 15:39:30,903 - math_errors - WARNING - subsystem_1/method_1: rmse=4.477078e-02 - Demo error 1
2025-12-14 15:39:30,903 - math_errors - WARNING - subsystem_2/method_2: rmse=4.502187e-02 - Demo error 2
2025-12-14 15:39:30,903 - math_errors - WARNING - subsystem_0/method_3: rmse=3.846056e-02 - Demo error 3
2025-12-14 15:39:30,903 - math_errors - WARNING - subsystem_1/method_0: rmse=1.000000e-03 - Demo error 4
2025-12-14 15:39:30,904 - math_errors - WARNING - subsystem_2/method_1: rmse=1.015015e-02 - Demo error 5
2025-12-14 15:39:30,904 - math_errors - WARNING - subsystem_0/method_2: rmse=1.000000e-03 - Demo error 6
2025-12-14 15:39:30,904 - math_errors - WARNING - subsystem_1/method_3: rmse=1.981111e-02 - Demo error 7
2025-12-14 15:39:30,905 - math_errors - WARNING - subsystem_2/method_0: rmse=8.211651e-03 - Demo error 8
2025-12-14 15:39:30,905 - math_errors - WARNING - subsystem_0/method_1: rmse=1.000000e-03 - Demo error 9
2025-12-14 15:39:30,905 - math_errors - WARNING - subsystem_1/method_2: rmse=1.000000e-03 - Demo error 10
2025-12-14 15:39:30,905 - math_errors - WARNING - subsystem_2/method_3: rmse=1.225529e-03 - Demo error 11
2025-12-14 15:39:30,906 - math_errors - WARNING - subsystem_0/method_0: rmse=3.644529e-02 - Demo error 12
2025-12-14 15:39:30,906 - math_errors - WARNING - subsystem_1/method_1: rmse=2.197509e-03 - Demo error 13
2025-12-14 15:39:30,906 - math_errors - WARNING - subsystem_2/method_2: rmse=1.490648e-02 - Demo error 14
2025-12-14 15:39:30,906 - math_errors - WARNING - subsystem_0/method_3: rmse=3.854951e-02 - Demo error 15
2025-12-14 15:39:30,907 - math_errors - WARNING - subsystem_1/method_0: rmse=2.604817e-02 - Demo error 16
2025-12-14 15:39:30,907 - math_errors - WARNING - subsystem_2/method_1: rmse=1.000000e-03 - Demo error 17
2025-12-14 15:39:30,907 - math_errors - WARNING - subsystem_0/method_2: rmse=1.913313e-02 - Demo error 18
2025-12-14 15:39:30,907 - math_errors - WARNING - subsystem_1/method_3: rmse=2.137866e-02 - Demo error 19
2025-12-14 15:39:30,907 - math_errors - WARNING - subsystem_2/method_0: rmse=1.373827e-02 - Demo error 20
2025-12-14 15:39:30,908 - math_errors - WARNING - subsystem_0/method_1: rmse=1.294503e-02 - Demo error 21
2025-12-14 15:39:30,908 - math_errors - WARNING - subsystem_1/method_2: rmse=1.821574e-02 - Demo error 22
2025-12-14 15:39:30,908 - math_errors - WARNING - subsystem_2/method_3: rmse=2.647862e-02 - Demo error 23
2025-12-14 15:39:30,908 - math_errors - WARNING - subsystem_0/method_0: rmse=2.409537e-02 - Demo error 24
2025-12-14 15:39:30,908 - math_errors - WARNING - subsystem_1/method_1: rmse=1.558418e-02 - Demo error 25
2025-12-14 15:39:30,909 - math_errors - WARNING - subsystem_2/method_2: rmse=2.921358e-02 - Demo error 26
2025-12-14 15:39:30,909 - math_errors - WARNING - subsystem_0/method_3: rmse=1.836797e-02 - Demo error 27
2025-12-14 15:39:30,910 - math_errors - WARNING - subsystem_1/method_0: rmse=8.162334e-03 - Demo error 28
2025-12-14 15:39:30,910 - math_errors - WARNING - subsystem_2/method_1: rmse=1.141912e-02 - Demo error 29
2025-12-14 15:39:30,910 - math_errors - WARNING - subsystem_0/method_2: rmse=1.687833e-02 - Demo error 30
2025-12-14 15:39:30,910 - math_errors - WARNING - subsystem_1/method_3: rmse=1.857691e-02 - Demo error 31
2025-12-14 15:39:30,910 - math_errors - WARNING - subsystem_2/method_0: rmse=2.760421e-02 - Demo error 32
2025-12-14 15:39:30,911 - math_errors - WARNING - subsystem_0/method_1: rmse=6.379664e-03 - Demo error 33
2025-12-14 15:39:30,911 - math_errors - WARNING - subsystem_1/method_2: rmse=1.000000e-03 - Demo error 34
2025-12-14 15:39:30,911 - math_errors - WARNING - subsystem_2/method_3: rmse=1.694543e-02 - Demo error 35
2025-12-14 15:39:30,911 - math_errors - WARNING - subsystem_0/method_0: rmse=2.109086e-03 - Demo error 36
2025-12-14 15:39:30,911 - math_errors - WARNING - subsystem_1/method_1: rmse=9.230829e-03 - Demo error 37
2025-12-14 15:39:30,911 - math_errors - WARNING - subsystem_2/method_2: rmse=2.959268e-02 - Demo error 38
2025-12-14 15:39:30,912 - math_errors - WARNING - subsystem_0/method_3: rmse=1.040663e-02 - Demo error 39
2025-12-14 15:39:30,912 - math_errors - WARNING - subsystem_1/method_0: rmse=1.000000e-03 - Demo error 40
2025-12-14 15:39:30,912 - math_errors - WARNING - subsystem_2/method_1: rmse=1.960371e-02 - Demo error 41
2025-12-14 15:39:30,912 - math_errors - WARNING - subsystem_0/method_2: rmse=3.269173e-03 - Demo error 42
2025-12-14 15:39:30,913 - math_errors - WARNING - subsystem_1/method_3: rmse=2.913832e-02 - Demo error 43
2025-12-14 15:39:30,913 - math_errors - WARNING - subsystem_2/method_0: rmse=1.303659e-02 - Demo error 44
2025-12-14 15:39:30,913 - math_errors - WARNING - subsystem_0/method_1: rmse=2.418614e-02 - Demo error 45
2025-12-14 15:39:30,913 - math_errors - WARNING - subsystem_1/method_2: rmse=1.707026e-02 - Demo error 46
2025-12-14 15:39:30,913 - math_errors - WARNING - subsystem_2/method_3: rmse=4.819215e-02 - Demo error 47
2025-12-14 15:39:30,914 - math_errors - WARNING - subsystem_0/method_0: rmse=1.744868e-02 - Demo error 48
2025-12-14 15:39:30,914 - math_errors - WARNING - subsystem_1/method_1: rmse=1.000000e-03 - Demo error 49
2025-12-14 15:39:30,914 - math_errors - WARNING - subsystem_0/method_0: mae=1.000000e-03 - Demo mae error 0
2025-12-14 15:39:30,914 - math_errors - WARNING - subsystem_1/method_1: mae=4.446606e-03 - Demo mae error 1
2025-12-14 15:39:30,915 - math_errors - WARNING - subsystem_2/method_2: mae=1.000000e-03 - Demo mae error 2
2025-12-14 15:39:30,915 - math_errors - WARNING - subsystem_0/method_3: mae=1.000000e-03 - Demo mae error 3
2025-12-14 15:39:30,916 - math_errors - WARNING - subsystem_1/method_0: mae=9.196066e-03 - Demo mae error 4
2025-12-14 15:39:30,916 - math_errors - WARNING - subsystem_2/method_1: mae=1.042120e-02 - Demo mae error 5
2025-12-14 15:39:30,916 - math_errors - WARNING - subsystem_0/method_2: mae=1.359551e-02 - Demo mae error 6
2025-12-14 15:39:30,916 - math_errors - WARNING - subsystem_1/method_3: mae=1.104555e-02 - Demo mae error 7
2025-12-14 15:39:30,916 - math_errors - WARNING - subsystem_2/method_0: mae=2.633680e-03 - Demo mae error 8
2025-12-14 15:39:30,917 - math_errors - WARNING - subsystem_0/method_1: mae=4.558369e-03 - Demo mae error 9
2025-12-14 15:39:30,917 - math_errors - WARNING - subsystem_1/method_2: mae=1.124232e-02 - Demo mae error 10
2025-12-14 15:39:30,917 - math_errors - WARNING - subsystem_2/method_3: mae=2.152778e-02 - Demo mae error 11
2025-12-14 15:39:30,917 - math_errors - WARNING - subsystem_0/method_0: mae=1.000000e-03 - Demo mae error 12
2025-12-14 15:39:30,917 - math_errors - WARNING - subsystem_1/method_1: mae=5.355641e-03 - Demo mae error 13
2025-12-14 15:39:30,918 - math_errors - WARNING - subsystem_2/method_2: mae=1.088915e-02 - Demo mae error 14
2025-12-14 15:39:30,918 - math_errors - WARNING - subsystem_0/method_3: mae=4.188663e-03 - Demo mae error 15
2025-12-14 15:39:30,918 - math_errors - WARNING - subsystem_1/method_0: mae=1.210017e-02 - Demo mae error 16
2025-12-14 15:39:30,918 - math_errors - WARNING - subsystem_2/method_1: mae=1.000000e-03 - Demo mae error 17
2025-12-14 15:39:30,919 - math_errors - WARNING - subsystem_0/method_2: mae=1.000000e-03 - Demo mae error 18
2025-12-14 15:39:30,919 - math_errors - WARNING - subsystem_1/method_3: mae=1.019181e-02 - Demo mae error 19
2025-12-14 15:39:30,919 - math_errors - WARNING - subsystem_0/method_0: mape=4.332456e-03 - Demo mape error 0
2025-12-14 15:39:30,919 - math_errors - WARNING - subsystem_1/method_1: mape=3.046373e-03 - Demo mape error 1
2025-12-14 15:39:30,919 - math_errors - WARNING - subsystem_2/method_2: mape=3.332988e-03 - Demo mape error 2
2025-12-14 15:39:30,919 - math_errors - WARNING - subsystem_0/method_3: mape=1.000000e-03 - Demo mape error 3
2025-12-14 15:39:30,920 - math_errors - WARNING - subsystem_1/method_0: mape=5.971513e-03 - Demo mape error 4
2025-12-14 15:39:30,920 - math_errors - WARNING - subsystem_2/method_1: mape=1.586298e-02 - Demo mape error 5
2025-12-14 15:39:30,920 - math_errors - WARNING - subsystem_0/method_2: mape=1.000000e-03 - Demo mape error 6
2025-12-14 15:39:30,920 - math_errors - WARNING - subsystem_1/method_3: mape=2.672966e-03 - Demo mape error 7
2025-12-14 15:39:30,921 - math_errors - WARNING - subsystem_2/method_0: mape=1.490096e-02 - Demo mape error 8
2025-12-14 15:39:30,921 - math_errors - WARNING - subsystem_0/method_1: mape=4.524401e-03 - Demo mape error 9
2025-12-14 15:39:30,921 - math_errors - WARNING - subsystem_1/method_2: mape=9.425140e-03 - Demo mape error 10
2025-12-14 15:39:30,921 - math_errors - WARNING - subsystem_2/method_3: mape=3.408352e-03 - Demo mape error 11
2025-12-14 15:39:30,921 - math_errors - WARNING - subsystem_0/method_0: mape=6.501565e-03 - Demo mape error 12
2025-12-14 15:39:30,922 - math_errors - WARNING - subsystem_1/method_1: mape=7.277644e-03 - Demo mape error 13
2025-12-14 15:39:30,922 - math_errors - WARNING - subsystem_2/method_2: mape=1.000000e-03 - Demo mape error 14
2025-12-14 15:39:30,922 - math_errors - WARNING - subsystem_0/method_3: mape=2.409621e-03 - Demo mape error 15
2025-12-14 15:39:30,922 - math_errors - WARNING - subsystem_1/method_0: mape=7.614352e-03 - Demo mape error 16
2025-12-14 15:39:30,922 - math_errors - WARNING - subsystem_2/method_1: mape=1.609645e-02 - Demo mape error 17
2025-12-14 15:39:30,923 - math_errors - WARNING - subsystem_0/method_2: mape=1.657443e-03 - Demo mape error 18
2025-12-14 15:39:30,923 - math_errors - WARNING - subsystem_1/method_3: mape=1.000000e-03 - Demo mape error 19
2025-12-14 15:39:30,923 - math_errors - WARNING - subsystem_0/method_0: max_error=3.244750e-03 - Demo max_error error 0
2025-12-14 15:39:30,923 - math_errors - WARNING - subsystem_1/method_1: max_error=1.000000e-03 - Demo max_error error 1
2025-12-14 15:39:30,923 - math_errors - WARNING - subsystem_2/method_2: max_error=1.000000e-03 - Demo max_error error 2
2025-12-14 15:39:30,924 - math_errors - WARNING - subsystem_0/method_3: max_error=2.464605e-03 - Demo max_error error 3
2025-12-14 15:39:30,924 - math_errors - WARNING - subsystem_1/method_0: max_error=8.241986e-03 - Demo max_error error 4
2025-12-14 15:39:30,924 - math_errors - WARNING - subsystem_2/method_1: max_error=1.041872e-02 - Demo max_error error 5
2025-12-14 15:39:30,925 - math_errors - WARNING - subsystem_0/method_2: max_error=2.298496e-02 - Demo max_error error 6
2025-12-14 15:39:30,925 - math_errors - WARNING - subsystem_1/method_3: max_error=4.457125e-03 - Demo max_error error 7
2025-12-14 15:39:30,925 - math_errors - WARNING - subsystem_2/method_0: max_error=1.130236e-02 - Demo max_error error 8
2025-12-14 15:39:30,925 - math_errors - WARNING - subsystem_0/method_1: max_error=1.083585e-02 - Demo max_error error 9
2025-12-14 15:39:30,925 - math_errors - WARNING - subsystem_1/method_2: max_error=7.648400e-03 - Demo max_error error 10
2025-12-14 15:39:30,926 - math_errors - WARNING - subsystem_2/method_3: max_error=8.893814e-03 - Demo max_error error 11
2025-12-14 15:39:30,926 - math_errors - WARNING - subsystem_0/method_0: max_error=2.701115e-03 - Demo max_error error 12
2025-12-14 15:39:30,926 - math_errors - WARNING - subsystem_1/method_1: max_error=1.000000e-03 - Demo max_error error 13
2025-12-14 15:39:30,926 - math_errors - WARNING - subsystem_2/method_2: max_error=1.014816e-02 - Demo max_error error 14
2025-12-14 15:39:30,926 - math_errors - WARNING - subsystem_0/method_3: max_error=1.000000e-03 - Demo max_error error 15
2025-12-14 15:39:30,927 - math_errors - WARNING - subsystem_1/method_0: max_error=3.573476e-03 - Demo max_error error 16
2025-12-14 15:39:30,927 - math_errors - WARNING - subsystem_2/method_1: max_error=1.561784e-02 - Demo max_error error 17
2025-12-14 15:39:30,927 - math_errors - WARNING - subsystem_0/method_2: max_error=8.727410e-03 - Demo max_error error 18
2025-12-14 15:39:30,928 - math_errors - WARNING - subsystem_1/method_3: max_error=1.000000e-03 - Demo max_error error 19
2025-12-22 20:10:49,067 - math_errors - WARNING - interpolation/rbf: exception=inf - Singular matrix. The matrix of monomials evaluated at the data point coordinates does not have full column rank (2/4).
2025-12-22 20:10:49,071 - math_errors - WARNING - interpolation/rbf: exception=inf - Singular matrix. The matrix of monomials evaluated at the data point coordinates does not have full column rank (2/4).
2025-12-22 20:10:49,072 - math_errors - WARNING - interpolation/rbf: exception=inf - Singular matrix. The matrix of monomials evaluated at the data point coordinates does not have full column rank (2/4).
2025-12-22 20:10:49,073 - math_errors - WARNING - interpolation/rbf: exception=inf - Singular matrix. The matrix of monomials evaluated at the data point coordinates does not have full column rank (3/4).
2025-12-22 20:10:49,073 - math_errors - WARNING - interpolation/rbf: exception=inf - Singular matrix. The matrix of monomials evaluated at the data point coordinates does not have full column rank (3/4).
2025-12-22 20:10:49,074 - math_errors - WARNING - interpolation/rbf: exception=inf - Singular matrix. The matrix of monomials evaluated at the data point coordinates does not have full column rank (3/4).
2025-12-22 20:10:49,075 - math_errors - WARNING - interpolation/rbf: exception=inf - Singular matrix. The matrix of monomials evaluated at the data point coordinates does not have full column rank (3/4).
2025-12-22 20:10:49,075 - math_errors - WARNING - interpolation/rbf: exception=inf - Singular matrix. The matrix of monomials evaluated at the data point coordinates does not have full column rank (3/4).
2025-12-22 20:10:49,091 - math_errors - WARNING - interpolation/rbf: exception=inf - Singular matrix. The matrix of monomials evaluated at the data point coordinates does not have full column rank (3/4).
2025-12-22 20:10:49,092 - math_errors - WARNING - interpolation/rbf: exception=inf - Singular matrix. The matrix of monomials evaluated at the data point coordinates does not have full column rank (3/4).
2025-12-22 20:10:49,092 - math_errors - WARNING - interpolation/rbf: exception=inf - Singular matrix. The matrix of monomials evaluated at the data point coordinates does not have full column rank (3/4).
2025-12-22 20:10:49,093 - math_errors - WARNING - interpolation/rbf: exception=inf - Singular matrix. The matrix of monomials evaluated at the data point coordinates does not have full column rank (3/4).
2025-12-22 20:10:49,094 - math_errors - WARNING - interpolation/rbf: exception=inf - Singular matrix. The matrix of monomials evaluated at the data point coordinates does not have full column rank (3/4).
2025-12-22 20:10:49,095 - math_errors - WARNING - interpolation/rbf: exception=inf - Singular matrix. The matrix of monomials evaluated at the data point coordinates does not have full column rank (3/4).
2025-12-22 20:10:49,095 - math_errors - WARNING - interpolation/rbf: exception=inf - Singular matrix. The matrix of monomials evaluated at the data point coordinates does not have full column rank (3/4).
2025-12-22 20:10:49,096 - math_errors - WARNING - interpolation/rbf: exception=inf - Singular matrix. The matrix of monomials evaluated at the data point coordinates does not have full column rank (3/4).
2025-12-22 20:10:49,097 - math_errors - WARNING - interpolation/rbf: exception=inf - Singular matrix. The matrix of monomials evaluated at the data point coordinates does not have full column rank (3/4).
2025-12-22 20:10:49,097 - math_errors - WARNING - interpolation/rbf: exception=inf - Singular matrix. The matrix of monomials evaluated at the data point coordinates does not have full column rank (3/4).
2025-12-22 20:10:49,098 - math_errors - WARNING - interpolation/rbf: exception=inf - Singular matrix. The matrix of monomials evaluated at the data point coordinates does not have full column rank (3/4).
2025-12-22 20:10:49,099 - math_errors - WARNING - interpolation/rbf: exception=inf - Singular matrix. The matrix of monomials evaluated at the data point coordinates does not have full column rank (3/4).
2025-12-22 20:10:49,100 - math_errors - WARNING - interpolation/rbf: exception=inf - Singular matrix. The matrix of monomials evaluated at the data point coordinates does not have full column rank (3/4).
2025-12-22 20:10:49,100 - math_errors - WARNING - interpolation/rbf: exception=inf - Singular matrix. The matrix of monomials evaluated at the data point coordinates does not have full column rank (3/4).
2025-12-22 20:10:49,101 - math_errors - WARNING - interpolation/rbf: exception=inf - Singular matrix. The matrix of monomials evaluated at the data point coordinates does not have full column rank (3/4).
2025-12-22 20:10:49,102 - math_errors - WARNING - interpolation/rbf: exception=inf - Singular matrix. The matrix of monomials evaluated at the data point coordinates does not have full column rank (3/4).
2025-12-22 20:10:49,103 - math_errors - WARNING - interpolation/rbf: exception=inf - Singular matrix. The matrix of monomials evaluated at the data point coordinates does not have full column rank (3/4).
2025-12-22 20:10:49,103 - math_errors - WARNING - interpolation/rbf: exception=inf - Singular matrix. The matrix of monomials evaluated at the data point coordinates does not have full column rank (3/4).
2025-12-22 20:10:49,104 - math_errors - WARNING - interpolation/rbf: exception=inf - Singular matrix. The matrix of monomials evaluated at the data point coordinates does not have full column rank (3/4).
2025-12-22 20:10:49,105 - math_errors - WARNING - interpolation/rbf: exception=inf - Singular matrix. The matrix of monomials evaluated at the data point coordinates does not have full column rank (3/4).
2025-12-22 20:10:49,106 - math_errors - WARNING - interpolation/rbf: exception=inf - Singular matrix. The matrix of monomials evaluated at the data point coordinates does not have full column rank (3/4).
2025-12-22 20:10:49,106 - math_errors - WARNING - interpolation/rbf: exception=inf - Singular matrix. The matrix of monomials evaluated at the data point coordinates does not have full column rank (3/4).
2025-12-22 20:10:49,107 - math_errors - WARNING - interpolation/rbf: exception=inf - Singular matrix. The matrix of monomials evaluated at the data point coordinates does not have full column rank (3/4).
2025-12-22 20:10:49,108 - math_errors - WARNING - interpolation/rbf: exception=inf - Singular matrix. The matrix of monomials evaluated at the data point coordinates does not have full column rank (3/4).
2025-12-22 20:10:49,109 - math_errors - WARNING - interpolation/rbf: exception=inf - Singular matrix. The matrix of monomials evaluated at the data point coordinates does not have full column rank (3/4).
2025-12-22 20:10:49,386 - math_errors - WARNING - interpolation/rbf: exception=inf - Singular matrix.
2025-12-22 20:10:49,549 - math_errors - WARNING - interpolation/rbf: exception=inf - Singular matrix.
2025-12-22 20:10:52,477 - math_errors - WARNING - interpolation/rbf: exception=inf - Singular matrix.
2025-12-22 20:10:52,504 - math_errors - WARNING - interpolation/rbf: exception=inf - Singular matrix.
2025-12-22 20:10:53,958 - math_errors - WARNING - interpolation/rbf: exception=inf - Singular matrix.
2025-12-22 20:10:54,069 - math_errors - WARNING - interpolation/rbf: exception=inf - Singular matrix.
2025-12-22 20:10:57,660 - math_errors - WARNING - interpolation/rbf: exception=inf - Singular matrix.
2025-12-22 20:10:58,258 - math_errors - WARNING - interpolation/rbf: exception=inf - Singular matrix.
2025-12-22 20:10:58,287 - math_errors - WARNING - interpolation/rbf: exception=inf - Singular matrix.
2025-12-22 20:11:05,956 - math_errors - WARNING - interpolation/rbf: exception=inf - Singular matrix. The matrix of monomials evaluated at the data point coordinates does not have full column rank (3/4).
2025-12-22 20:11:05,957 - math_errors - WARNING - interpolation/rbf: exception=inf - Singular matrix. The matrix of monomials evaluated at the data point coordinates does not have full column rank (3/4).
2025-12-22 20:11:05,958 - math_errors - WARNING - interpolation/rbf: exception=inf - Singular matrix. The matrix of monomials evaluated at the data point coordinates does not have full column rank (3/4).
2025-12-22 20:11:05,959 - math_errors - WARNING - interpolation/rbf: exception=inf - Singular matrix. The matrix of monomials evaluated at the data point coordinates does not have full column rank (3/4).
2025-12-22 20:11:05,959 - math_errors - WARNING - interpolation/rbf: exception=inf - Singular matrix. The matrix of monomials evaluated at the data point coordinates does not have full column rank (3/4).
2025-12-22 20:11:05,960 - math_errors - WARNING - interpolation/rbf: exception=inf - Singular matrix. The matrix of monomials evaluated at the data point coordinates does not have full column rank (3/4).
2025-12-22 20:11:05,960 - math_errors - WARNING - interpolation/rbf: exception=inf - Singular matrix. The matrix of monomials evaluated at the data point coordinates does not have full column rank (3/4).
2025-12-22 20:11:05,961 - math_errors - WARNING - interpolation/rbf: exception=inf - Singular matrix. The matrix of monomials evaluated at the data point coordinates does not have full column rank (3/4).
2025-12-22 20:11:05,962 - math_errors - WARNING - interpolation/rbf: exception=inf - Singular matrix. The matrix of monomials evaluated at the data point coordinates does not have full column rank (3/4).
2025-12-22 20:11:05,963 - math_errors - WARNING - interpolation/rbf: exception=inf - Singular matrix. The matrix of monomials evaluated at the data point coordinates does not have full column rank (3/4).
2025-12-22 20:11:05,963 - math_errors - WARNING - interpolation/rbf: exception=inf - Singular matrix. The matrix of monomials evaluated at the data point coordinates does not have full column rank (3/4).
2025-12-22 20:11:05,965 - math_errors - WARNING - interpolation/rbf: exception=inf - Singular matrix. The matrix of monomials evaluated at the data point coordinates does not have full column rank (3/4).
2025-12-22 20:11:05,966 - math_errors - WARNING - interpolation/rbf: exception=inf - Singular matrix. The matrix of monomials evaluated at the data point coordinates does not have full column rank (3/4).
2025-12-22 20:11:05,967 - math_errors - WARNING - interpolation/rbf: exception=inf - Singular matrix. The matrix of monomials evaluated at the data point coordinates does not have full column rank (3/4).
2025-12-22 20:11:05,967 - math_errors - WARNING - interpolation/rbf: exception=inf - Singular matrix. The matrix of monomials evaluated at the data point coordinates does not have full column rank (3/4).
2025-12-22 20:11:05,968 - math_errors - WARNING - interpolation/rbf: exception=inf - Singular matrix. The matrix of monomials evaluated at the data point coordinates does not have full column rank (3/4).
2025-12-22 20:11:05,969 - math_errors - WARNING - interpolation/rbf: exception=inf - Singular matrix. The matrix of monomials evaluated at the data point coordinates does not have full column rank (3/4).
2025-12-22 20:11:05,970 - math_errors - WARNING - interpolation/rbf: exception=inf - Singular matrix. The matrix of monomials evaluated at the data point coordinates does not have full column rank (3/4).
2025-12-22 20:11:05,970 - math_errors - WARNING - interpolation/rbf: exception=inf - Singular matrix. The matrix of monomials evaluated at the data point coordinates does not have full column rank (3/4).
2025-12-22 20:11:05,971 - math_errors - WARNING - interpolation/rbf: exception=inf - Singular matrix. The matrix of monomials evaluated at the data point coordinates does not have full column rank (3/4).
2025-12-22 20:11:05,972 - math_errors - WARNING - interpolation/rbf: exception=inf - Singular matrix. The matrix of monomials evaluated at the data point coordinates does not have full column rank (3/4).
2025-12-22 20:11:05,972 - math_errors - WARNING - interpolation/rbf: exception=inf - Singular matrix. The matrix of monomials evaluated at the data point coordinates does not have full column rank (3/4).
2025-12-22 20:11:05,973 - math_errors - WARNING - interpolation/rbf: exception=inf - Singular matrix. The matrix of monomials evaluated at the data point coordinates does not have full column rank (3/4).
2025-12-22 20:11:05,974 - math_errors - WARNING - interpolation/rbf: exception=inf - Singular matrix. The matrix of monomials evaluated at the data point coordinates does not have full column rank (3/4).
2025-12-22 20:11:05,974 - math_errors - WARNING - interpolation/rbf: exception=inf - Singular matrix. The matrix of monomials evaluated at the data point coordinates does not have full column rank (3/4).
2025-12-22 20:11:05,975 - math_errors - WARNING - interpolation/rbf: exception=inf - Singular matrix. The matrix of monomials evaluated at the data point coordinates does not have full column rank (3/4).
2025-12-22 20:11:05,976 - math_errors - WARNING - interpolation/rbf: exception=inf - Singular matrix. The matrix of monomials evaluated at the data point coordinates does not have full column rank (3/4).
2025-12-22 20:11:05,976 - math_errors - WARNING - interpolation/rbf: exception=inf - Singular matrix. The matrix of monomials evaluated at the data point coordinates does not have full column rank (3/4).
2025-12-22 20:11:05,977 - math_errors - WARNING - interpolation/rbf: exception=inf - Singular matrix. The matrix of monomials evaluated at the data point coordinates does not have full column rank (3/4).
2025-12-22 20:11:05,978 - math_errors - WARNING - interpolation/rbf: exception=inf - Singular matrix. The matrix of monomials evaluated at the data point coordinates does not have full column rank (3/4).
2025-12-22 20:11:05,978 - math_errors - WARNING - interpolation/rbf: exception=inf - Singular matrix. The matrix of monomials evaluated at the data point coordinates does not have full column rank (3/4).
2025-12-22 20:11:05,979 - math_errors - WARNING - interpolation/rbf: exception=inf - Singular matrix. The matrix of monomials evaluated at the data point coordinates does not have full column rank (3/4).
2025-12-22 20:11:05,980 - math_errors - WARNING - interpolation/rbf: exception=inf - Singular matrix. The matrix of monomials evaluated at the data point coordinates does not have full column rank (3/4).
2025-12-22 20:11:05,997 - math_errors - WARNING - interpolation/linear: stability_warning=7.541619e-01 - Использован fallback метод из-за нестабильности
2025-12-23 01:31:45,082 - math_errors - WARNING - interpolation/rbf: exception=inf - Singular matrix. The matrix of monomials evaluated at the data point coordinates does not have full column rank (2/4).
2025-12-23 01:31:45,083 - math_errors - WARNING - interpolation/rbf: exception=inf - Singular matrix. The matrix of monomials evaluated at the data point coordinates does not have full column rank (2/4).
2025-12-23 01:31:45,084 - math_errors - WARNING - interpolation/rbf: exception=inf - Singular matrix. The matrix of monomials evaluated at the data point coordinates does not have full column rank (2/4).
2025-12-23 01:31:45,085 - math_errors - WARNING - interpolation/rbf: exception=inf - Singular matrix. The matrix of monomials evaluated at the data point coordinates does not have full column rank (3/4).
2025-12-23 01:31:45,085 - math_errors - WARNING - interpolation/rbf: exception=inf - Singular matrix. The matrix of monomials evaluated at the data point coordinates does not have full column rank (3/4).
2025-12-23 01:31:45,086 - math_errors - WARNING - interpolation/rbf: exception=inf - Singular matrix. The matrix of monomials evaluated at the data point coordinates does not have full column rank (3/4).
2025-12-23 01:31:45,087 - math_errors - WARNING - interpolation/rbf: exception=inf - Singular matrix. The matrix of monomials evaluated at the data point coordinates does not have full column rank (3/4).
2025-12-23 01:31:45,088 - math_errors - WARNING - interpolation/rbf: exception=inf - Singular matrix. The matrix of monomials evaluated at the data point coordinates does not have full column rank (3/4).
2025-12-23 01:31:45,088 - math_errors - WARNING - interpolation/rbf: exception=inf - Singular matrix. The matrix of monomials evaluated at the data point coordinates does not have full column rank (3/4).
2025-12-23 01:31:45,089 - math_errors - WARNING - interpolation/rbf: exception=inf - Singular matrix. The matrix of monomials evaluated at the data point coordinates does not have full column rank (3/4).
2025-12-23 01:31:45,090 - math_errors - WARNING - interpolation/rbf: exception=inf - Singular matrix. The matrix of monomials evaluated at the data point coordinates does not have full column rank (3/4).
2025-12-23 01:31:45,090 - math_errors - WARNING - interpolation/rbf: exception=inf - Singular matrix. The matrix of monomials evaluated at the data point coordinates does not have full column rank (3/4).
2025-12-23 01:31:45,091 - math_errors - WARNING - interpolation/rbf: exception=inf - Singular matrix. The matrix of monomials evaluated at the data point coordinates does not have full column rank (3/4).
2025-12-23 01:31:45,092 - math_errors - WARNING - interpolation/rbf: exception=inf - Singular matrix. The matrix of monomials evaluated at the data point coordinates does not have full column rank (3/4).
2025-12-23 01:31:45,092 - math_errors - WARNING - interpolation/rbf: exception=inf - Singular matrix. The matrix of monomials evaluated at the data point coordinates does not have full column rank (3/4).
2025-12-23 01:31:45,093 - math_errors - WARNING - interpolation/rbf: exception=inf - Singular matrix. The matrix of monomials evaluated at the data point coordinates does not have full column rank (3/4).
2025-12-23 01:31:45,094 - math_errors - WARNING - interpolation/rbf: exception=inf - Singular matrix. The matrix of monomials evaluated at the data point coordinates does not have full column rank (3/4).
2025-12-23 01:31:45,094 - math_errors - WARNING - interpolation/rbf: exception=inf - Singular matrix. The matrix of monomials evaluated at the data point coordinates does not have full column rank (3/4).
2025-12-23 01:31:45,095 - math_errors - WARNING - interpolation/rbf: exception=inf - Singular matrix. The matrix of monomials evaluated at the data point coordinates does not have full column rank (3/4).
2025-12-23 01:31:45,096 - math_errors - WARNING - interpolation/rbf: exception=inf - Singular matrix. The matrix of monomials evaluated at the data point coordinates does not have full column rank (3/4).
2025-12-23 01:31:45,097 - math_errors - WARNING - interpolation/rbf: exception=inf - Singular matrix. The matrix of monomials evaluated at the data point coordinates does not have full column rank (3/4).
2025-12-23 01:31:45,098 - math_errors - WARNING - interpolation/rbf: exception=inf - Singular matrix. The matrix of monomials evaluated at the data point coordinates does not have full column rank (3/4).
2025-12-23 01:31:45,098 - math_errors - WARNING - interpolation/rbf: exception=inf - Singular matrix. The matrix of monomials evaluated at the data point coordinates does not have full column rank (3/4).
2025-12-23 01:31:45,099 - math_errors - WARNING - interpolation/rbf: exception=inf - Singular matrix. The matrix of monomials evaluated at the data point coordinates does not have full column rank (3/4).
2025-12-23 01:31:45,100 - math_errors - WARNING - interpolation/rbf: exception=inf - Singular matrix. The matrix of monomials evaluated at the data point coordinates does not have full column rank (3/4).
2025-12-23 01:31:45,101 - math_errors - WARNING - interpolation/rbf: exception=inf - Singular matrix. The matrix of monomials evaluated at the data point coordinates does not have full column rank (3/4).
2025-12-23 01:31:45,101 - math_errors - WARNING - interpolation/rbf: exception=inf - Singular matrix. The matrix of monomials evaluated at the data point coordinates does not have full column rank (3/4).
2025-12-23 01:31:45,102 - math_errors - WARNING - interpolation/rbf: exception=inf - Singular matrix. The matrix of monomials evaluated at the data point coordinates does not have full column rank (3/4).
2025-12-23 01:31:45,103 - math_errors - WARNING - interpolation/rbf: exception=inf - Singular matrix. The matrix of monomials evaluated at the data point coordinates does not have full column rank (3/4).
2025-12-23 01:31:45,104 - math_errors - WARNING - interpolation/rbf: exception=inf - Singular matrix. The matrix of monomials evaluated at the data point coordinates does not have full column rank (3/4).
2025-12-23 01:31:45,105 - math_errors - WARNING - interpolation/rbf: exception=inf - Singular matrix. The matrix of monomials evaluated at the data point coordinates does not have full column rank (3/4).
2025-12-23 01:31:45,105 - math_errors - WARNING - interpolation/rbf: exception=inf - Singular matrix. The matrix of monomials evaluated at the data point coordinates does not have full column rank (3/4).
2025-12-23 01:31:45,106 - math_errors - WARNING - interpolation/rbf: exception=inf - Singular matrix. The matrix of monomials evaluated at the data point coordinates does not have full column rank (3/4).
2025-12-23 01:31:45,377 - math_errors - WARNING - interpolation/rbf: exception=inf - Singular matrix.
2025-12-23 01:31:45,539 - math_errors - WARNING - interpolation/rbf: exception=inf - Singular matrix.
2025-12-23 01:31:48,372 - math_errors - WARNING - interpolation/rbf: exception=inf - Singular matrix.
2025-12-23 01:31:48,397 - math_errors - WARNING - interpolation/rbf: exception=inf - Singular matrix.
2025-12-23 01:31:49,817 - math_errors - WARNING - interpolation/rbf: exception=inf - Singular matrix.
2025-12-23 01:31:49,924 - math_errors - WARNING - interpolation/rbf: exception=inf - Singular matrix.
2025-12-23 01:31:53,341 - math_errors - WARNING - interpolation/rbf: exception=inf - Singular matrix.
2025-12-23 01:31:53,924 - math_errors - WARNING - interpolation/rbf: exception=inf - Singular matrix.
2025-12-23 01:31:53,952 - math_errors - WARNING - interpolation/rbf: exception=inf - Singular matrix.
2025-12-23 01:32:01,316 - math_errors - WARNING - interpolation/rbf: exception=inf - Singular matrix. The matrix of monomials evaluated at the data point coordinates does not have full column rank (3/4).
2025-12-23 01:32:01,317 - math_errors - WARNING - interpolation/rbf: exception=inf - Singular matrix. The matrix of monomials evaluated at the data point coordinates does not have full column rank (3/4).
2025-12-23 01:32:01,318 - math_errors - WARNING - interpolation/rbf: exception=inf - Singular matrix. The matrix of monomials evaluated at the data point coordinates does not have full column rank (3/4).
2025-12-23 01:32:01,319 - math_errors - WARNING - interpolation/rbf: exception=inf - Singular matrix. The matrix of monomials evaluated at the data point coordinates does not have full column rank (3/4).
2025-12-23 01:32:01,319 - math_errors - WARNING - interpolation/rbf: exception=inf - Singular matrix. The matrix of monomials evaluated at the data point coordinates does not have full column rank (3/4).
2025-12-23 01:32:01,320 - math_errors - WARNING - interpolation/rbf: exception=inf - Singular matrix. The matrix of monomials evaluated at the data point coordinates does not have full column rank (3/4).
2025-12-23 01:32:01,321 - math_errors - WARNING - interpolation/rbf: exception=inf - Singular matrix. The matrix of monomials evaluated at the data point coordinates does not have full column rank (3/4).
2025-12-23 01:32:01,322 - math_errors - WARNING - interpolation/rbf: exception=inf - Singular matrix. The matrix of monomials evaluated at the data point coordinates does not have full column rank (3/4).
2025-12-23 01:32:01,323 - math_errors - WARNING - interpolation/rbf: exception=inf - Singular matrix. The matrix of monomials evaluated at the data point coordinates does not have full column rank (3/4).
2025-12-23 01:32:01,323 - math_errors - WARNING - interpolation/rbf: exception=inf - Singular matrix. The matrix of monomials evaluated at the data point coordinates does not have full column rank (3/4).
2025-12-23 01:32:01,324 - math_errors - WARNING - interpolation/rbf: exception=inf - Singular matrix. The matrix of monomials evaluated at the data point coordinates does not have full column rank (3/4).
2025-12-23 01:32:01,325 - math_errors - WARNING - interpolation/rbf: exception=inf - Singular matrix. The matrix of monomials evaluated at the data point coordinates does not have full column rank (3/4).
2025-12-23 01:32:01,325 - math_errors - WARNING - interpolation/rbf: exception=inf - Singular matrix. The matrix of monomials evaluated at the data point coordinates does not have full column rank (3/4).
2025-12-23 01:32:01,326 - math_errors - WARNING - interpolation/rbf: exception=inf - Singular matrix. The matrix of monomials evaluated at the data point coordinates does not have full column rank (3/4).
2025-12-23 01:32:01,327 - math_errors - WARNING - interpolation/rbf: exception=inf - Singular matrix. The matrix of monomials evaluated at the data point coordinates does not have full column rank (3/4).
2025-12-23 01:32:01,328 - math_errors - WARNING - interpolation/rbf: exception=inf - Singular matrix. The matrix of monomials evaluated at the data point coordinates does not have full column rank (3/4).
2025-12-23 01:32:01,328 - math_errors - WARNING - interpolation/rbf: exception=inf - Singular matrix. The matrix of monomials evaluated at the data point coordinates does not have full column rank (3/4).
2025-12-23 01:32:01,329 - math_errors - WARNING - interpolation/rbf: exception=inf - Singular matrix. The matrix of monomials evaluated at the data point coordinates does not have full column rank (3/4).
2025-12-23 01:32:01,330 - math_errors - WARNING - interpolation/rbf: exception=inf - Singular matrix. The matrix of monomials evaluated at the data point coordinates does not have full column rank (3/4).
2025-12-23 01:32:01,330 - math_errors - WARNING - interpolation/rbf: exception=inf - Singular matrix. The matrix of monomials evaluated at the data point coordinates does not have full column rank (3/4).
2025-12-23 01:32:01,331 - math_errors - WARNING - interpolation/rbf: exception=inf - Singular matrix. The matrix of monomials evaluated at the data point coordinates does not have full column rank (3/4).
2025-12-23 01:32:01,332 - math_errors - WARNING - interpolation/rbf: exception=inf - Singular matrix. The matrix of monomials evaluated at the data point coordinates does not have full column rank (3/4).
2025-12-23 01:32:01,332 - math_errors - WARNING - interpolation/rbf: exception=inf - Singular matrix. The matrix of monomials evaluated at the data point coordinates does not have full column rank (3/4).
2025-12-23 01:32:01,333 - math_errors - WARNING - interpolation/rbf: exception=inf - Singular matrix. The matrix of monomials evaluated at the data point coordinates does not have full column rank (3/4).
2025-12-23 01:32:01,334 - math_errors - WARNING - interpolation/rbf: exception=inf - Singular matrix. The matrix of monomials evaluated at the data point coordinates does not have full column rank (3/4).
2025-12-23 01:32:01,334 - math_errors - WARNING - interpolation/rbf: exception=inf - Singular matrix. The matrix of monomials evaluated at the data point coordinates does not have full column rank (3/4).
2025-12-23 01:32:01,335 - math_errors - WARNING - interpolation/rbf: exception=inf - Singular matrix. The matrix of monomials evaluated at the data point coordinates does not have full column rank (3/4).
2025-12-23 01:32:01,336 - math_errors - WARNING - interpolation/rbf: exception=inf - Singular matrix. The matrix of monomials evaluated at the data point coordinates does not have full column rank (3/4).
2025-12-23 01:32:01,336 - math_errors - WARNING - interpolation/rbf: exception=inf - Singular matrix. The matrix of monomials evaluated at the data point coordinates does not have full column rank (3/4).
2025-12-23 01:32:01,337 - math_errors - WARNING - interpolation/rbf: exception=inf - Singular matrix. The matrix of monomials evaluated at the data point coordinates does not have full column rank (3/4).
2025-12-23 01:32:01,338 - math_errors - WARNING - interpolation/rbf: exception=inf - Singular matrix. The matrix of monomials evaluated at the data point coordinates does not have full column rank (3/4).
2025-12-23 01:32:01,338 - math_errors - WARNING - interpolation/rbf: exception=inf - Singular matrix. The matrix of monomials evaluated at the data point coordinates does not have full column rank (3/4).
2025-12-23 01:32:01,339 - math_errors - WARNING - interpolation/rbf: exception=inf - Singular matrix. The matrix of monomials evaluated at the data point coordinates does not have full column rank (3/4).
2025-12-23 01:32:01,355 - math_errors - WARNING - interpolation/linear: stability_warning=7.541619e-01 - Использован fallback метод из-за нестабильности
